Test,Immediate,Instruction,ImmSel
00000000,00000000000000000000000000000000,01001100000000000010111110100011,001
00000001,00000000000000000000000000000000,11111100000000000010111110100011,001
00000010,11111111111111111111111111110110,11111001011011100010101110100011,001
00000011,11111111111111111111111111110001,10010001000110000001010100100011,001
00000100,00000000000000000000000000000000,00000000000000000000000000000000,000
